{"experiment": "learning", "brian_seed": 1, "backend": "numpy", "argv": ["C:\\Users\\nikak\\source\\repos\\FlyEmulationExperiments\\upstream\\fly-api\\experiments\\learning\\learning_driver_mb.py", "--model-dir", "C:\\Users\\nikak\\source\\repos\\FlyEmulationExperiments\\upstream\\Drosophila_brain_model", "--seed", "1", "--orn-hz", "500", "--n-classes", "6", "--eta", "0.5", "--n-pair", "5", "--kc-thresh", "1", "--kcmbon-gain", "20", "--out", "results/baseline_s1"]}
[subnet] 8991 neurons, 791613 synapses
[edit] zeroed: dan_out=50155 kc_kc=293762 orn_in=65429 eln_out=37892
[odors] A=['ORN_DM3', 'ORN_VA2', 'ORN_VM5d', 'ORN_DL4', 'ORN_DL3', 'ORN_VM4'] B=['ORN_VA1d', 'ORN_DM6', 'ORN_DL1', 'ORN_DM2', 'ORN_VL1', 'ORN_DM1'] fresh=['ORN_DA1', 'ORN_V', 'ORN_VA1v', 'ORN_DL5', 'ORN_VA6', 'ORN_VL2a']
[build] 62261 plastic KC->MBON synapses
WARNING    'rates' is an internal variable of group 'poissongroup', but also exists in the run namespace with the value array([  0., 500.,   0., ...,   0.,   0.,   0.]). The internal variable will be used. [brian2.groups.group.Group.resolve.resolution_conflict]
[epi] pre_A0       KCact= 420 PAM=   0.1 MBONspk= 3673 plast=0 wfrac=1.000 trace=0.000
WARNING    'rates' is an internal variable of group 'poissongroup', but also exists in the run namespace with the value array([500.,   0., 500., ...,   0.,   0.,   0.]). The internal variable will be used. [brian2.groups.group.Group.resolve.resolution_conflict]
[epi] pre_B0       KCact= 541 PAM=   0.2 MBONspk= 4334 plast=0 wfrac=1.000 trace=0.000
[epi] pre_A1       KCact= 418 PAM=   0.2 MBONspk= 3733 plast=0 wfrac=1.000 trace=0.000
[epi] pre_B1       KCact= 514 PAM=   0.2 MBONspk= 4245 plast=0 wfrac=1.000 trace=0.000
WARNING    'rates' is an internal variable of group 'poissongroup', but also exists in the run namespace with the value array([  0., 500.,   0., ...,   0.,  60.,  60.]). The internal variable will be used. [brian2.groups.group.Group.resolve.resolution_conflict]
[epi] train0_A+US  KCact= 419 PAM=  60.0 MBONspk= 3664 plast=1 wfrac=0.962 trace=0.500
[epi] train0_B     KCact= 532 PAM=   0.2 MBONspk= 4245 plast=0 wfrac=0.962 trace=0.057
[epi] train1_A+US  KCact= 361 PAM=  58.7 MBONspk= 2154 plast=1 wfrac=0.946 trace=0.750
[epi] train1_B     KCact= 548 PAM=   0.2 MBONspk= 4248 plast=0 wfrac=0.946 trace=0.082
[epi] train2_A+US  KCact= 258 PAM=  60.5 MBONspk=  989 plast=1 wfrac=0.940 trace=0.875
[epi] train2_B     KCact= 531 PAM=   0.2 MBONspk= 4143 plast=0 wfrac=0.940 trace=0.088
[epi] train3_A+US  KCact= 181 PAM=  59.8 MBONspk=  307 plast=1 wfrac=0.938 trace=0.938
[epi] train3_B     KCact= 538 PAM=   0.2 MBONspk= 4168 plast=0 wfrac=0.938 trace=0.092
[epi] train4_A+US  KCact= 162 PAM=  58.7 MBONspk=   60 plast=1 wfrac=0.937 trace=0.969
[epi] train4_B     KCact= 551 PAM=   0.2 MBONspk= 4175 plast=0 wfrac=0.937 trace=0.096
[epi] post_A0      KCact= 158 PAM=   0.0 MBONspk=    0 plast=0 wfrac=0.937 trace=0.969
[epi] post_B0      KCact= 539 PAM=   0.2 MBONspk= 4184 plast=0 wfrac=0.937 trace=0.094
[epi] post_A1      KCact= 160 PAM=   0.0 MBONspk=    0 plast=0 wfrac=0.937 trace=0.969
[epi] post_B1      KCact= 515 PAM=   0.2 MBONspk= 4085 plast=0 wfrac=0.937 trace=0.092
WARNING    'rates' is an internal variable of group 'poissongroup', but also exists in the run namespace with the value array([  0., 500.,   0., ..., 500.,   0.,   0.]). The internal variable will be used. [brian2.groups.group.Group.resolve.resolution_conflict]
[epi] probe_4      KCact= 307 PAM=   0.0 MBONspk= 1089 plast=0 wfrac=0.937 trace=0.691
[epi] probe_3      KCact= 380 PAM=   0.0 MBONspk= 1501 plast=0 wfrac=0.937 trace=0.617
WARNING    'rates' is an internal variable of group 'poissongroup', but also exists in the run namespace with the value array([  0.,   0.,   0., ..., 500.,   0.,   0.]). The internal variable will be used. [brian2.groups.group.Group.resolve.resolution_conflict]
[epi] probe_2      KCact= 455 PAM=   0.1 MBONspk= 2302 plast=0 wfrac=0.937 trace=0.458
[epi] probe_0      KCact= 554 PAM=   0.4 MBONspk= 4300 plast=0 wfrac=0.937 trace=0.085
[done] results\baseline_s1\episodes.jsonl
