{"experiment": "learning", "brian_seed": 0, "backend": "numpy", "argv": ["C:\\Users\\nikak\\source\\repos\\FlyEmulationExperiments\\upstream\\fly-api\\experiments\\learning\\learning_driver_mb.py", "--model-dir", "C:\\Users\\nikak\\source\\repos\\FlyEmulationExperiments\\upstream\\Drosophila_brain_model", "--seed", "0", "--orn-hz", "500", "--n-classes", "6", "--eta", "0.5", "--n-pair", "5", "--kc-thresh", "1", "--kcmbon-gain", "20", "--out", "results/baseline_s0"]}
[subnet] 8991 neurons, 791613 synapses
[edit] zeroed: dan_out=50155 kc_kc=293762 orn_in=65429 eln_out=37892
[odors] A=['ORN_VA1v', 'ORN_DL3', 'ORN_DA1', 'ORN_DL1', 'ORN_DL4', 'ORN_DM2'] B=['ORN_VM5d', 'ORN_DM3', 'ORN_VL1', 'ORN_VM4', 'ORN_VA6', 'ORN_VA2'] fresh=['ORN_VL2a', 'ORN_V', 'ORN_DL5', 'ORN_DM1', 'ORN_VA1d', 'ORN_DM6']
[build] 62261 plastic KC->MBON synapses
WARNING    'rates' is an internal variable of group 'poissongroup', but also exists in the run namespace with the value array([500.,   0.,   0., ..., 500.,   0.,   0.]). The internal variable will be used. [brian2.groups.group.Group.resolve.resolution_conflict]
[epi] pre_A0       KCact= 467 PAM=   0.2 MBONspk= 3695 plast=0 wfrac=1.000 trace=0.000
WARNING    'rates' is an internal variable of group 'poissongroup', but also exists in the run namespace with the value array([  0., 500.,   0., ...,   0.,   0.,   0.]). The internal variable will be used. [brian2.groups.group.Group.resolve.resolution_conflict]
[epi] pre_B0       KCact= 533 PAM=   0.3 MBONspk= 4268 plast=0 wfrac=1.000 trace=0.000
[epi] pre_A1       KCact= 479 PAM=   0.3 MBONspk= 3833 plast=0 wfrac=1.000 trace=0.000
[epi] pre_B1       KCact= 530 PAM=   0.3 MBONspk= 4250 plast=0 wfrac=1.000 trace=0.000
WARNING    'rates' is an internal variable of group 'poissongroup', but also exists in the run namespace with the value array([500.,   0.,   0., ..., 500.,  60.,  60.]). The internal variable will be used. [brian2.groups.group.Group.resolve.resolution_conflict]
[epi] train0_A+US  KCact= 477 PAM=  60.0 MBONspk= 3783 plast=1 wfrac=0.959 trace=0.500
[epi] train0_B     KCact= 530 PAM=   0.3 MBONspk= 4083 plast=0 wfrac=0.959 trace=0.044
[epi] train1_A+US  KCact= 354 PAM=  59.6 MBONspk= 1868 plast=1 wfrac=0.943 trace=0.750
[epi] train1_B     KCact= 538 PAM=   0.3 MBONspk= 4114 plast=0 wfrac=0.943 trace=0.059
[epi] train2_A+US  KCact= 301 PAM=  60.7 MBONspk=  870 plast=1 wfrac=0.937 trace=0.875
[epi] train2_B     KCact= 531 PAM=   0.3 MBONspk= 4074 plast=0 wfrac=0.937 trace=0.068
[epi] train3_A+US  KCact= 217 PAM=  58.8 MBONspk=  200 plast=1 wfrac=0.935 trace=0.938
[epi] train3_B     KCact= 529 PAM=   0.2 MBONspk= 3995 plast=0 wfrac=0.935 trace=0.070
[epi] train4_A+US  KCact= 163 PAM=  59.3 MBONspk=   43 plast=1 wfrac=0.934 trace=0.969
[epi] train4_B     KCact= 526 PAM=   0.3 MBONspk= 4040 plast=0 wfrac=0.934 trace=0.071
[epi] post_A0      KCact= 161 PAM=   0.0 MBONspk=   41 plast=0 wfrac=0.934 trace=0.968
[epi] post_B0      KCact= 522 PAM=   0.3 MBONspk= 4020 plast=0 wfrac=0.934 trace=0.071
[epi] post_A1      KCact= 158 PAM=   0.0 MBONspk=   41 plast=0 wfrac=0.934 trace=0.969
[epi] post_B1      KCact= 511 PAM=   0.3 MBONspk= 4045 plast=0 wfrac=0.934 trace=0.073
WARNING    'rates' is an internal variable of group 'poissongroup', but also exists in the run namespace with the value array([  0.,   0.,   0., ..., 500.,   0.,   0.]). The internal variable will be used. [brian2.groups.group.Group.resolve.resolution_conflict]
[epi] probe_4      KCact= 397 PAM=   0.1 MBONspk= 1746 plast=0 wfrac=0.934 trace=0.502
[epi] probe_3      KCact= 438 PAM=   0.2 MBONspk= 3303 plast=0 wfrac=0.934 trace=0.214
WARNING    'rates' is an internal variable of group 'poissongroup', but also exists in the run namespace with the value array([0., 0., 0., ..., 0., 0., 0.]). The internal variable will be used. [brian2.groups.group.Group.resolve.resolution_conflict]
[epi] probe_2      KCact= 554 PAM=   0.2 MBONspk= 4164 plast=0 wfrac=0.934 trace=0.131
WARNING    'rates' is an internal variable of group 'poissongroup', but also exists in the run namespace with the value array([  0.,   0., 500., ...,   0.,   0.,   0.]). The internal variable will be used. [brian2.groups.group.Group.resolve.resolution_conflict]
[epi] probe_0      KCact= 546 PAM=   0.2 MBONspk= 4145 plast=0 wfrac=0.934 trace=0.105
[done] results\baseline_s0\episodes.jsonl
