[subnet] 8991 neurons, 791613 synapses
[train] pairing 0: 5516 synapses depressed
[train] pairing 1: 4514 synapses depressed
[train] pairing 2: 3469 synapses depressed
[train] pairing 3: 2411 synapses depressed
[train] pairing 4: 1839 synapses depressed
naive 0 [1.36 0.58 0.94]
naive 1 [3.31 0.85 1.14]
naive 2 [5.61 0.83 1.12]
naive 3 [7.65 1.01 1.16]
naive 4 [10.19  1.14  1.31]
naive 5 [10.99  1.33  1.13]
naive 6 [12.76  0.96  1.5 ]
naive 7 [14.83  0.1   1.48]
naive 8 [14.03 -0.03  1.48]
naive 9 [15.81 -0.89  1.43]
naive 10 [17.75 -2.26  1.39]
naive 11 [19.55 -3.96  1.46]
naive 12 [21.5  -5.35  1.47]
naive 13 [23.4  -6.3   1.44]
naive 14 [25.69 -7.74  1.47]
naive 15 [27.9  -8.9   1.19]
naive 16 [29.57 -9.86  1.13]
naive 17 [ 31.37 -10.74   1.11]
naive 18 [ 33.5  -11.28   1.14]
naive 19 [ 35.6  -11.97   1.14]
naive 20 [ 37.59 -12.76   1.13]
naive 21 [ 39.51 -14.03   1.11]
naive 22 [ 41.14 -15.5    1.14]
naive 23 [ 42.32 -16.35   1.14]
trained 0 [1.33 0.51 0.94]
trained 1 [3.26 0.66 1.14]
trained 2 [5.36 1.7  1.1 ]
trained 3 [4.73 2.86 1.81]
trained 4 [7.17 4.03 1.14]
trained 5 [8.12 5.94 1.12]
trained 6 [8.95 7.73 1.22]
trained 7 [9.22 8.62 1.07]
trained 8 [ 9.65 10.34  1.08]
trained 9 [ 9.65 12.55  1.19]
trained 10 [10.27 13.94  1.07]
trained 11 [10.56 15.18  1.16]
trained 12 [10.91 16.17  1.1 ]
trained 13 [11.05 17.25  1.11]
trained 14 [11.27 18.43  1.18]
trained 15 [11.47 19.63  1.13]
trained 16 [11.83 20.73  1.17]
trained 17 [12.18 21.94  1.15]
trained 18 [12.36 23.09  1.13]
trained 19 [12.59 24.28  1.19]
trained 20 [12.81 25.47  1.14]
trained 21 [13.2  26.59  1.19]
trained 22 [13.54 27.8   1.15]
trained 23 [13.74 28.91  1.12]
{
  "naive": {
    "final_xyz": [
      42.315696716308594,
      -16.350927352905273,
      1.1377917528152466
    ],
    "final_distances": [
      34.442437534052466,
      23.82980281920302
    ],
    "min_distances": [
      7.233625749482532,
      3.0483179179121906
    ],
    "body_height_range": [
      0.943067193031311,
      1.5007010698318481
    ]
  },
  "trained": {
    "final_xyz": [
      13.742132186889648,
      28.914358139038086,
      1.1154483556747437
    ],
    "final_distances": [
      22.15853504410611,
      37.443005039001385
    ],
    "min_distances": [
      7.95467447048365,
      17.56277437044398
    ],
    "body_height_range": [
      0.9370326995849609,
      1.813576102256775
    ]
  }
}
