[2026-09-09 00:44:54] network_view:122 Initialized network view at C:\Users\nikak\source\repos\FlyEmulationExperiments\data\flyvis\results\flow\0000\000
[2026-09-09 00:44:54] logging_utils:23 epe not in C:\Users\nikak\source\repos\FlyEmulationExperiments\data\flyvis\results\flow\0000\000\validation, but 'loss' is. Falling back to 'loss'. You can rerun the ensemble validation to make appropriate recordings of the losses.
C:\Users\nikak\source\repos\FlyEmulationExperiments\upstream\flyvis\flyvis\analysis\flash_responses.py:77: FutureWarning: dropping variables using `drop` is deprecated; use drop_vars.
  on_peak = on_peak.drop('sample')
C:\Users\nikak\source\repos\FlyEmulationExperiments\upstream\flyvis\flyvis\analysis\flash_responses.py:78: FutureWarning: dropping variables using `drop` is deprecated; use drop_vars.
  off_peak = off_peak.drop('sample')
C:\Users\nikak\source\repos\FlyEmulationExperiments\data\flyvis\results\flow\0000\000\__cache__\flyvis\analysis\stimulus_responses\compute_responses\e098d4a21da66a2ebe7350df3545baae\output.h5
000 {'T4a': 0.40719300508499146, 'T4b': 0.4307043254375458, 'T4c': 0.43433552980422974, 'T4d': -0.3119405210018158, 'T5a': -0.23749485611915588, 'T5b': -0.3254237771034241, 'T5c': -0.3509012460708618, 'T5d': -0.5100064873695374}
[2026-09-09 00:44:54] network_view:122 Initialized network view at C:\Users\nikak\source\repos\FlyEmulationExperiments\data\flyvis\results\flow\0000\001
[2026-09-09 00:44:54] logging_utils:23 epe not in C:\Users\nikak\source\repos\FlyEmulationExperiments\data\flyvis\results\flow\0000\001\validation, but 'loss' is. Falling back to 'loss'. You can rerun the ensemble validation to make appropriate recordings of the losses.
[2026-09-09 00:44:58] network:222 Initialized network with NumberOfParams(free=734, fixed=2959) parameters.
[2026-09-09 00:44:58] chkpt_utils:36 Recovered network state.
[2026-09-09 00:44:59] network:757 Computing 4 stimulus responses.

Batch:   0%|          | 0/4 [00:00<?, ?it/s]
Batch:  25%|##5       | 1/4 [00:02<00:06,  2.30s/it]
Batch:  50%|#####     | 2/4 [00:04<00:04,  2.28s/it]
Batch:  75%|#######5  | 3/4 [00:06<00:02,  2.31s/it]
Batch: 100%|##########| 4/4 [00:09<00:00,  2.30s/it]

[2026-09-09 00:45:08] xarray_joblib_backend:56 Store item C:\Users\nikak\source\repos\FlyEmulationExperiments\data\flyvis\results\flow\0000\001\__cache__\flyvis\analysis\stimulus_responses\compute_responses\ec088d4547e4c7dc13d178897177831b\output.h5
C:\Users\nikak\source\repos\FlyEmulationExperiments\upstream\flyvis\flyvis\analysis\flash_responses.py:77: FutureWarning: dropping variables using `drop` is deprecated; use drop_vars.
  on_peak = on_peak.drop('sample')
C:\Users\nikak\source\repos\FlyEmulationExperiments\upstream\flyvis\flyvis\analysis\flash_responses.py:78: FutureWarning: dropping variables using `drop` is deprecated; use drop_vars.
  off_peak = off_peak.drop('sample')
001 {'T4a': 0.2601272165775299, 'T4b': 0.295399010181427, 'T4c': 0.3348209857940674, 'T4d': 0.2986330986022949, 'T5a': -0.06978245079517365, 'T5b': -0.16651028394699097, 'T5c': -0.22885258495807648, 'T5d': -0.3170883357524872}
[2026-09-09 00:45:08] network_view:122 Initialized network view at C:\Users\nikak\source\repos\FlyEmulationExperiments\data\flyvis\results\flow\0000\002
[2026-09-09 00:45:09] logging_utils:23 epe not in C:\Users\nikak\source\repos\FlyEmulationExperiments\data\flyvis\results\flow\0000\002\validation, but 'loss' is. Falling back to 'loss'. You can rerun the ensemble validation to make appropriate recordings of the losses.
[2026-09-09 00:45:13] network:222 Initialized network with NumberOfParams(free=734, fixed=2959) parameters.
[2026-09-09 00:45:13] chkpt_utils:36 Recovered network state.
[2026-09-09 00:45:14] network:757 Computing 4 stimulus responses.

Batch:   0%|          | 0/4 [00:00<?, ?it/s]
Batch:  25%|##5       | 1/4 [00:02<00:07,  2.37s/it]
Batch:  50%|#####     | 2/4 [00:04<00:04,  2.37s/it]
Batch:  75%|#######5  | 3/4 [00:07<00:02,  2.34s/it]
Batch: 100%|##########| 4/4 [00:09<00:00,  2.33s/it]

[2026-09-09 00:45:23] xarray_joblib_backend:56 Store item C:\Users\nikak\source\repos\FlyEmulationExperiments\data\flyvis\results\flow\0000\002\__cache__\flyvis\analysis\stimulus_responses\compute_responses\ddbc1702c927f7595e0981d671969979\output.h5
C:\Users\nikak\source\repos\FlyEmulationExperiments\upstream\flyvis\flyvis\analysis\flash_responses.py:77: FutureWarning: dropping variables using `drop` is deprecated; use drop_vars.
  on_peak = on_peak.drop('sample')
C:\Users\nikak\source\repos\FlyEmulationExperiments\upstream\flyvis\flyvis\analysis\flash_responses.py:78: FutureWarning: dropping variables using `drop` is deprecated; use drop_vars.
  off_peak = off_peak.drop('sample')
002 {'T4a': 0.3906268775463104, 'T4b': 0.3081948161125183, 'T4c': 0.33098459243774414, 'T4d': 0.3370351791381836, 'T5a': -0.3891444802284241, 'T5b': -0.05966246873140335, 'T5c': -0.043682072311639786, 'T5d': -0.32701730728149414}
[2026-09-09 00:45:23] network_view:122 Initialized network view at C:\Users\nikak\source\repos\FlyEmulationExperiments\data\flyvis\results\flow\0000\003
[2026-09-09 00:45:23] logging_utils:23 epe not in C:\Users\nikak\source\repos\FlyEmulationExperiments\data\flyvis\results\flow\0000\003\validation, but 'loss' is. Falling back to 'loss'. You can rerun the ensemble validation to make appropriate recordings of the losses.
[2026-09-09 00:45:27] network:222 Initialized network with NumberOfParams(free=734, fixed=2959) parameters.
[2026-09-09 00:45:27] chkpt_utils:36 Recovered network state.
[2026-09-09 00:45:28] network:757 Computing 4 stimulus responses.

Batch:   0%|          | 0/4 [00:00<?, ?it/s]
Batch:  25%|##5       | 1/4 [00:02<00:07,  2.37s/it]
Batch:  50%|#####     | 2/4 [00:04<00:04,  2.30s/it]
Batch:  75%|#######5  | 3/4 [00:06<00:02,  2.31s/it]
Batch: 100%|##########| 4/4 [00:09<00:00,  2.31s/it]

[2026-09-09 00:45:37] xarray_joblib_backend:56 Store item C:\Users\nikak\source\repos\FlyEmulationExperiments\data\flyvis\results\flow\0000\003\__cache__\flyvis\analysis\stimulus_responses\compute_responses\2e4677e33fbf2c21d0b2e286eeac5dc8\output.h5
C:\Users\nikak\source\repos\FlyEmulationExperiments\upstream\flyvis\flyvis\analysis\flash_responses.py:77: FutureWarning: dropping variables using `drop` is deprecated; use drop_vars.
  on_peak = on_peak.drop('sample')
C:\Users\nikak\source\repos\FlyEmulationExperiments\upstream\flyvis\flyvis\analysis\flash_responses.py:78: FutureWarning: dropping variables using `drop` is deprecated; use drop_vars.
  off_peak = off_peak.drop('sample')
003 {'T4a': 0.41656219959259033, 'T4b': 0.4499114751815796, 'T4c': 0.4476153254508972, 'T4d': 0.4652988314628601, 'T5a': 0.00975767057389021, 'T5b': -0.09431640803813934, 'T5c': -0.020370351150631905, 'T5d': -0.23275387287139893}
[2026-09-09 00:45:37] network_view:122 Initialized network view at C:\Users\nikak\source\repos\FlyEmulationExperiments\data\flyvis\results\flow\0000\004
[2026-09-09 00:45:37] logging_utils:23 epe not in C:\Users\nikak\source\repos\FlyEmulationExperiments\data\flyvis\results\flow\0000\004\validation, but 'loss' is. Falling back to 'loss'. You can rerun the ensemble validation to make appropriate recordings of the losses.
[2026-09-09 00:45:42] network:222 Initialized network with NumberOfParams(free=734, fixed=2959) parameters.
[2026-09-09 00:45:42] chkpt_utils:36 Recovered network state.
[2026-09-09 00:45:43] network:757 Computing 4 stimulus responses.

Batch:   0%|          | 0/4 [00:00<?, ?it/s]
Batch:  25%|##5       | 1/4 [00:02<00:07,  2.35s/it]
Batch:  50%|#####     | 2/4 [00:04<00:04,  2.32s/it]
Batch:  75%|#######5  | 3/4 [00:06<00:02,  2.30s/it]
Batch: 100%|##########| 4/4 [00:09<00:00,  2.28s/it]

[2026-09-09 00:45:52] xarray_joblib_backend:56 Store item C:\Users\nikak\source\repos\FlyEmulationExperiments\data\flyvis\results\flow\0000\004\__cache__\flyvis\analysis\stimulus_responses\compute_responses\df80080c11105ad12f4bfcc2c82a0d14\output.h5
C:\Users\nikak\source\repos\FlyEmulationExperiments\upstream\flyvis\flyvis\analysis\flash_responses.py:77: FutureWarning: dropping variables using `drop` is deprecated; use drop_vars.
  on_peak = on_peak.drop('sample')
C:\Users\nikak\source\repos\FlyEmulationExperiments\upstream\flyvis\flyvis\analysis\flash_responses.py:78: FutureWarning: dropping variables using `drop` is deprecated; use drop_vars.
  off_peak = off_peak.drop('sample')
004 {'T4a': -0.2988263666629791, 'T4b': 0.3483813405036926, 'T4c': 0.2985548973083496, 'T4d': 0.31854087114334106, 'T5a': 0.2593909204006195, 'T5b': -0.3634128272533417, 'T5c': -0.03817835822701454, 'T5d': 0.24541880190372467}
[2026-09-09 00:45:52] network_view:122 Initialized network view at C:\Users\nikak\source\repos\FlyEmulationExperiments\data\flyvis\results\flow\0000\005
[2026-09-09 00:45:52] logging_utils:23 epe not in C:\Users\nikak\source\repos\FlyEmulationExperiments\data\flyvis\results\flow\0000\005\validation, but 'loss' is. Falling back to 'loss'. You can rerun the ensemble validation to make appropriate recordings of the losses.
[2026-09-09 00:45:56] network:222 Initialized network with NumberOfParams(free=734, fixed=2959) parameters.
[2026-09-09 00:45:56] chkpt_utils:36 Recovered network state.
[2026-09-09 00:45:57] network:757 Computing 4 stimulus responses.

Batch:   0%|          | 0/4 [00:00<?, ?it/s]
Batch:  25%|##5       | 1/4 [00:02<00:07,  2.38s/it]
Batch:  50%|#####     | 2/4 [00:04<00:04,  2.38s/it]
Batch:  75%|#######5  | 3/4 [00:07<00:02,  2.34s/it]
Batch: 100%|##########| 4/4 [00:09<00:00,  2.34s/it]

[2026-09-09 00:46:06] xarray_joblib_backend:56 Store item C:\Users\nikak\source\repos\FlyEmulationExperiments\data\flyvis\results\flow\0000\005\__cache__\flyvis\analysis\stimulus_responses\compute_responses\a15f34edfa037f22959668c889dd47ad\output.h5
C:\Users\nikak\source\repos\FlyEmulationExperiments\upstream\flyvis\flyvis\analysis\flash_responses.py:77: FutureWarning: dropping variables using `drop` is deprecated; use drop_vars.
  on_peak = on_peak.drop('sample')
C:\Users\nikak\source\repos\FlyEmulationExperiments\upstream\flyvis\flyvis\analysis\flash_responses.py:78: FutureWarning: dropping variables using `drop` is deprecated; use drop_vars.
  off_peak = off_peak.drop('sample')
005 {'T4a': 0.4361177980899811, 'T4b': 0.4100668430328369, 'T4c': 0.4550931453704834, 'T4d': 0.42489099502563477, 'T5a': 0.02894074283540249, 'T5b': 0.06196938455104828, 'T5c': 0.2240687906742096, 'T5d': -0.16472625732421875}
[2026-09-09 00:46:06] network_view:122 Initialized network view at C:\Users\nikak\source\repos\FlyEmulationExperiments\data\flyvis\results\flow\0000\007
[2026-09-09 00:46:06] logging_utils:23 epe not in C:\Users\nikak\source\repos\FlyEmulationExperiments\data\flyvis\results\flow\0000\007\validation, but 'loss' is. Falling back to 'loss'. You can rerun the ensemble validation to make appropriate recordings of the losses.
[2026-09-09 00:46:10] network:222 Initialized network with NumberOfParams(free=734, fixed=2959) parameters.
[2026-09-09 00:46:10] chkpt_utils:36 Recovered network state.
[2026-09-09 00:46:11] network:757 Computing 4 stimulus responses.

Batch:   0%|          | 0/4 [00:00<?, ?it/s]
Batch:  25%|##5       | 1/4 [00:02<00:07,  2.37s/it]
Batch:  50%|#####     | 2/4 [00:04<00:04,  2.31s/it]
Batch:  75%|#######5  | 3/4 [00:06<00:02,  2.30s/it]
Batch: 100%|##########| 4/4 [00:09<00:00,  2.30s/it]

[2026-09-09 00:46:21] xarray_joblib_backend:56 Store item C:\Users\nikak\source\repos\FlyEmulationExperiments\data\flyvis\results\flow\0000\007\__cache__\flyvis\analysis\stimulus_responses\compute_responses\e219bc750c15dff64080f8b6ab01242d\output.h5
C:\Users\nikak\source\repos\FlyEmulationExperiments\upstream\flyvis\flyvis\analysis\flash_responses.py:77: FutureWarning: dropping variables using `drop` is deprecated; use drop_vars.
  on_peak = on_peak.drop('sample')
C:\Users\nikak\source\repos\FlyEmulationExperiments\upstream\flyvis\flyvis\analysis\flash_responses.py:78: FutureWarning: dropping variables using `drop` is deprecated; use drop_vars.
  off_peak = off_peak.drop('sample')
007 {'T4a': 0.3681415319442749, 'T4b': 0.33385756611824036, 'T4c': 0.37307173013687134, 'T4d': 0.39983221888542175, 'T5a': -0.2581179141998291, 'T5b': 0.18740573525428772, 'T5c': -0.049506258219480515, 'T5d': -0.40948668122291565}
[2026-09-09 00:46:21] network_view:122 Initialized network view at C:\Users\nikak\source\repos\FlyEmulationExperiments\data\flyvis\results\flow\0000\009
[2026-09-09 00:46:21] logging_utils:23 epe not in C:\Users\nikak\source\repos\FlyEmulationExperiments\data\flyvis\results\flow\0000\009\validation, but 'loss' is. Falling back to 'loss'. You can rerun the ensemble validation to make appropriate recordings of the losses.
[2026-09-09 00:46:25] network:222 Initialized network with NumberOfParams(free=734, fixed=2959) parameters.
[2026-09-09 00:46:25] chkpt_utils:36 Recovered network state.
[2026-09-09 00:46:26] network:757 Computing 4 stimulus responses.

Batch:   0%|          | 0/4 [00:00<?, ?it/s]
Batch:  25%|##5       | 1/4 [00:02<00:07,  2.37s/it]
Batch:  50%|#####     | 2/4 [00:04<00:04,  2.33s/it]
Batch:  75%|#######5  | 3/4 [00:06<00:02,  2.30s/it]
Batch: 100%|##########| 4/4 [00:09<00:00,  2.29s/it]

[2026-09-09 00:46:35] xarray_joblib_backend:56 Store item C:\Users\nikak\source\repos\FlyEmulationExperiments\data\flyvis\results\flow\0000\009\__cache__\flyvis\analysis\stimulus_responses\compute_responses\56446b15c0b1b34d8801a53c189dede0\output.h5
C:\Users\nikak\source\repos\FlyEmulationExperiments\upstream\flyvis\flyvis\analysis\flash_responses.py:77: FutureWarning: dropping variables using `drop` is deprecated; use drop_vars.
  on_peak = on_peak.drop('sample')
C:\Users\nikak\source\repos\FlyEmulationExperiments\upstream\flyvis\flyvis\analysis\flash_responses.py:78: FutureWarning: dropping variables using `drop` is deprecated; use drop_vars.
  off_peak = off_peak.drop('sample')
009 {'T4a': 0.3858593702316284, 'T4b': 0.2960953116416931, 'T4c': 0.3593273162841797, 'T4d': 0.35673949122428894, 'T5a': -0.30093851685523987, 'T5b': -0.04854777827858925, 'T5c': -0.07770643383264542, 'T5d': -0.065814308822155}
[2026-09-09 00:46:35] network_view:122 Initialized network view at C:\Users\nikak\source\repos\FlyEmulationExperiments\data\flyvis\results\flow\0000\006
[2026-09-09 00:46:35] logging_utils:23 epe not in C:\Users\nikak\source\repos\FlyEmulationExperiments\data\flyvis\results\flow\0000\006\validation, but 'loss' is. Falling back to 'loss'. You can rerun the ensemble validation to make appropriate recordings of the losses.
[2026-09-09 00:46:39] network:222 Initialized network with NumberOfParams(free=734, fixed=2959) parameters.
[2026-09-09 00:46:39] chkpt_utils:36 Recovered network state.
[2026-09-09 00:46:40] network:757 Computing 4 stimulus responses.

Batch:   0%|          | 0/4 [00:00<?, ?it/s]
Batch:  25%|##5       | 1/4 [00:02<00:06,  2.29s/it]
Batch:  50%|#####     | 2/4 [00:04<00:04,  2.26s/it]
Batch:  75%|#######5  | 3/4 [00:06<00:02,  2.23s/it]
Batch: 100%|##########| 4/4 [00:08<00:00,  2.24s/it]

[2026-09-09 00:46:49] xarray_joblib_backend:56 Store item C:\Users\nikak\source\repos\FlyEmulationExperiments\data\flyvis\results\flow\0000\006\__cache__\flyvis\analysis\stimulus_responses\compute_responses\efead829f8620cfc0e5e364f6bd318d2\output.h5
C:\Users\nikak\source\repos\FlyEmulationExperiments\upstream\flyvis\flyvis\analysis\flash_responses.py:77: FutureWarning: dropping variables using `drop` is deprecated; use drop_vars.
  on_peak = on_peak.drop('sample')
C:\Users\nikak\source\repos\FlyEmulationExperiments\upstream\flyvis\flyvis\analysis\flash_responses.py:78: FutureWarning: dropping variables using `drop` is deprecated; use drop_vars.
  off_peak = off_peak.drop('sample')
006 {'T4a': 0.5085129737854004, 'T4b': 0.49047964811325073, 'T4c': 0.4700925946235657, 'T4d': 0.44951218366622925, 'T5a': -0.46688517928123474, 'T5b': -0.0956077128648758, 'T5c': -0.3749096095561981, 'T5d': -0.12260906398296356}
[2026-09-09 00:46:49] network_view:122 Initialized network view at C:\Users\nikak\source\repos\FlyEmulationExperiments\data\flyvis\results\flow\0000\013
[2026-09-09 00:46:49] logging_utils:23 epe not in C:\Users\nikak\source\repos\FlyEmulationExperiments\data\flyvis\results\flow\0000\013\validation, but 'loss' is. Falling back to 'loss'. You can rerun the ensemble validation to make appropriate recordings of the losses.
[2026-09-09 00:46:53] network:222 Initialized network with NumberOfParams(free=734, fixed=2959) parameters.
[2026-09-09 00:46:53] chkpt_utils:36 Recovered network state.
[2026-09-09 00:46:54] network:757 Computing 4 stimulus responses.

Batch:   0%|          | 0/4 [00:00<?, ?it/s]
Batch:  25%|##5       | 1/4 [00:02<00:06,  2.33s/it]
Batch:  50%|#####     | 2/4 [00:04<00:04,  2.28s/it]
Batch:  75%|#######5  | 3/4 [00:06<00:02,  2.24s/it]
Batch: 100%|##########| 4/4 [00:08<00:00,  2.23s/it]

[2026-09-09 00:47:03] xarray_joblib_backend:56 Store item C:\Users\nikak\source\repos\FlyEmulationExperiments\data\flyvis\results\flow\0000\013\__cache__\flyvis\analysis\stimulus_responses\compute_responses\8b6745fadac6b8cb335e4b065b4cc132\output.h5
C:\Users\nikak\source\repos\FlyEmulationExperiments\upstream\flyvis\flyvis\analysis\flash_responses.py:77: FutureWarning: dropping variables using `drop` is deprecated; use drop_vars.
  on_peak = on_peak.drop('sample')
C:\Users\nikak\source\repos\FlyEmulationExperiments\upstream\flyvis\flyvis\analysis\flash_responses.py:78: FutureWarning: dropping variables using `drop` is deprecated; use drop_vars.
  off_peak = off_peak.drop('sample')
013 {'T4a': 0.3201126456260681, 'T4b': 0.2920464873313904, 'T4c': 0.3238659203052521, 'T4d': 0.39290651679039, 'T5a': 0.016042567789554596, 'T5b': -0.42892685532569885, 'T5c': -0.37002819776535034, 'T5d': -0.10070589929819107}
{
  "T4a": {
    "median": 0.3882431238889694,
    "expected_sign_count": 9
  },
  "T4b": {
    "median": 0.3411194533109665,
    "expected_sign_count": 10
  },
  "T4c": {
    "median": 0.3661995232105255,
    "expected_sign_count": 10
  },
  "T4d": {
    "median": 0.3748230040073395,
    "expected_sign_count": 9
  },
  "T5a": {
    "median": -0.15363865345716476,
    "expected_sign_count": 6
  },
  "T5b": {
    "median": -0.09496206045150757,
    "expected_sign_count": 8
  },
  "T5c": {
    "median": -0.06360634602606297,
    "expected_sign_count": 9
  },
  "T5d": {
    "median": -0.19874006509780884,
    "expected_sign_count": 9
  }
}
