Obtaining file:///C:/Users/nikak/source/repos/FlyEmulationExperiments/upstream/flyvis
  Installing build dependencies: started
  Installing build dependencies: finished with status 'done'
  Checking if build backend supports build_editable: started
  Checking if build backend supports build_editable: finished with status 'done'
  Getting requirements to build editable: started
  Getting requirements to build editable: finished with status 'done'
  Preparing editable metadata (pyproject.toml): started
  Preparing editable metadata (pyproject.toml): finished with status 'done'
Collecting ipython (from flyvis==1.2.0)
  Downloading ipython-9.17.1-py3-none-any.whl.metadata (4.6 kB)
Collecting numba (from flyvis==1.2.0)
  Downloading numba-0.67.0-cp312-cp312-win_amd64.whl.metadata (2.8 kB)
Collecting datamate (from flyvis==1.2.0)
  Downloading datamate-1.0.0-py3-none-any.whl.metadata (4.7 kB)
Collecting scipy (from flyvis==1.2.0)
  Downloading scipy-1.18.1-cp312-cp312-win_amd64.whl.metadata (61 kB)
Collecting matplotlib (from flyvis==1.2.0)
  Downloading matplotlib-3.11.1-cp312-cp312-win_amd64.whl.metadata (80 kB)
Requirement already satisfied: networkx in c:\users\nikak\source\repos\flyemulationexperiments\.venv-vision\lib\site-packages (from flyvis==1.2.0) (3.6.1)
Collecting scikit-learn (from flyvis==1.2.0)
  Downloading scikit_learn-1.9.0-cp312-cp312-win_amd64.whl.metadata (11 kB)
Collecting umap-learn (from flyvis==1.2.0)
  Downloading umap_learn-0.5.12-py3-none-any.whl.metadata (24 kB)
Collecting ffmpeg-python (from flyvis==1.2.0)
  Downloading ffmpeg_python-0.2.0-py3-none-any.whl.metadata (1.7 kB)
Collecting pytest (from flyvis==1.2.0)
  Downloading pytest-9.1.1-py3-none-any.whl.metadata (7.6 kB)
Requirement already satisfied: torch in c:\users\nikak\source\repos\flyemulationexperiments\.venv-vision\lib\site-packages (from flyvis==1.2.0) (2.14.0+cpu)
Requirement already satisfied: torchvision in c:\users\nikak\source\repos\flyemulationexperiments\.venv-vision\lib\site-packages (from flyvis==1.2.0) (0.29.0+cpu)
Collecting python-dotenv (from flyvis==1.2.0)
  Downloading python_dotenv-1.2.3-py3-none-any.whl.metadata (29 kB)
Collecting hydra-core (from flyvis==1.2.0)
  Downloading hydra_core-1.3.6-py3-none-any.whl.metadata (5.7 kB)
Collecting toolz (from flyvis==1.2.0)
  Downloading toolz-1.1.0-py3-none-any.whl.metadata (5.1 kB)
Collecting tqdm (from flyvis==1.2.0)
  Using cached tqdm-4.70.0-py3-none-any.whl.metadata (57 kB)
Collecting requests (from flyvis==1.2.0)
  Using cached requests-2.34.2-py3-none-any.whl.metadata (4.8 kB)
Collecting google-api-python-client (from flyvis==1.2.0)
  Downloading google_api_python_client-2.200.0-py3-none-any.whl.metadata (6.8 kB)
Collecting xarray (from flyvis==1.2.0)
  Downloading xarray-2026.7.0-py3-none-any.whl.metadata (12 kB)
Collecting pandas (from flyvis==1.2.0)
  Downloading pandas-3.0.5-cp312-cp312-win_amd64.whl.metadata (19 kB)
Collecting joblib (from flyvis==1.2.0)
  Downloading joblib-1.6.0-py3-none-any.whl.metadata (6.5 kB)
Collecting colorama (from flyvis==1.2.0)
  Using cached colorama-0.4.6-py2.py3-none-any.whl.metadata (17 kB)
Collecting pytz (from flyvis==1.2.0)
  Downloading pytz-2026.3.post1-py2.py3-none-any.whl.metadata (22 kB)
Collecting cachetools (from flyvis==1.2.0)
  Downloading cachetools-7.1.8-py3-none-any.whl.metadata (5.5 kB)
Requirement already satisfied: numpy in c:\users\nikak\source\repos\flyemulationexperiments\.venv-vision\lib\site-packages (from datamate->flyvis==1.2.0) (2.5.2)
Requirement already satisfied: typing_extensions in c:\users\nikak\source\repos\flyemulationexperiments\.venv-vision\lib\site-packages (from datamate->flyvis==1.2.0) (4.16.0)
Collecting h5py>=3.6.0 (from datamate->flyvis==1.2.0)
  Downloading h5py-3.16.0-cp312-cp312-win_amd64.whl.metadata (3.1 kB)
Collecting ruamel.yaml (from datamate->flyvis==1.2.0)
  Downloading ruamel_yaml-0.19.1-py3-none-any.whl.metadata (16 kB)
Collecting PyYAML (from datamate->flyvis==1.2.0)
  Downloading pyyaml-6.0.3-cp312-cp312-win_amd64.whl.metadata (2.4 kB)
Collecting future (from ffmpeg-python->flyvis==1.2.0)
  Downloading future-1.0.0-py3-none-any.whl.metadata (4.0 kB)
Collecting httplib2<1.0.0,>=0.19.0 (from google-api-python-client->flyvis==1.2.0)
  Downloading httplib2-0.32.0-py3-none-any.whl.metadata (2.2 kB)
Collecting google-auth!=2.24.0,!=2.25.0,<3.0.0,>=1.32.0 (from google-api-python-client->flyvis==1.2.0)
  Downloading google_auth-2.57.1-py3-none-any.whl.metadata (6.0 kB)
Collecting google-auth-httplib2<1.0.0,>=0.2.0 (from google-api-python-client->flyvis==1.2.0)
  Downloading google_auth_httplib2-0.4.2-py3-none-any.whl.metadata (3.0 kB)
Collecting google-api-core!=2.0.*,!=2.1.*,!=2.2.*,!=2.3.0,<3.0.0,>=1.31.5 (from google-api-python-client->flyvis==1.2.0)
  Downloading google_api_core-2.36.0-py3-none-any.whl.metadata (3.2 kB)
Collecting uritemplate<5,>=3.0.1 (from google-api-python-client->flyvis==1.2.0)
  Downloading uritemplate-4.2.0-py3-none-any.whl.metadata (2.6 kB)
Collecting omegaconf<2.4,>=2.2 (from hydra-core->flyvis==1.2.0)
  Using cached omegaconf-2.3.1-py3-none-any.whl.metadata (4.5 kB)
Collecting antlr4-python3-runtime==4.9.* (from hydra-core->flyvis==1.2.0)
  Downloading antlr4-python3-runtime-4.9.3.tar.gz (117 kB)
  Installing build dependencies: started
  Installing build dependencies: finished with status 'done'
  Getting requirements to build wheel: started
  Getting requirements to build wheel: finished with status 'done'
  Preparing metadata (pyproject.toml): started
  Preparing metadata (pyproject.toml): finished with status 'done'
Collecting packaging (from hydra-core->flyvis==1.2.0)
  Using cached packaging-26.3-py3-none-any.whl.metadata (3.5 kB)
Collecting ipython-pygments-lexers>=1.0.0 (from ipython->flyvis==1.2.0)
  Downloading ipython_pygments_lexers-1.1.1-py3-none-any.whl.metadata (1.1 kB)
Collecting jedi>=0.18.2 (from ipython->flyvis==1.2.0)
  Downloading jedi-0.20.0-py2.py3-none-any.whl.metadata (23 kB)
Collecting matplotlib-inline>=0.1.6 (from ipython->flyvis==1.2.0)
  Downloading matplotlib_inline-0.2.2-py3-none-any.whl.metadata (2.4 kB)
Collecting prompt_toolkit<3.1.0,>=3.0.41 (from ipython->flyvis==1.2.0)
  Downloading prompt_toolkit-3.0.53-py3-none-any.whl.metadata (6.4 kB)
Collecting psutil>=7 (from ipython->flyvis==1.2.0)
  Downloading psutil-7.2.2-cp37-abi3-win_amd64.whl.metadata (22 kB)
Collecting pygments>=2.14.0 (from ipython->flyvis==1.2.0)
  Downloading pygments-2.21.0-py3-none-any.whl.metadata (2.5 kB)
Collecting stack_data>=0.6.0 (from ipython->flyvis==1.2.0)
  Downloading stack_data-0.6.3-py3-none-any.whl.metadata (18 kB)
Collecting traitlets>=5.13.0 (from ipython->flyvis==1.2.0)
  Downloading traitlets-5.16.1-py3-none-any.whl.metadata (10 kB)
Collecting cloudpickle>=3.0 (from joblib->flyvis==1.2.0)
  Downloading cloudpickle-3.1.2-py3-none-any.whl.metadata (7.1 kB)
Collecting contourpy>=1.0.1 (from matplotlib->flyvis==1.2.0)
  Downloading contourpy-1.3.3-cp312-cp312-win_amd64.whl.metadata (5.5 kB)
Collecting cycler>=0.10 (from matplotlib->flyvis==1.2.0)
  Using cached cycler-0.12.1-py3-none-any.whl.metadata (3.8 kB)
Collecting fonttools>=4.28.2 (from matplotlib->flyvis==1.2.0)
  Downloading fonttools-4.64.0-cp312-cp312-win_amd64.whl.metadata (126 kB)
Collecting kiwisolver>=1.3.1 (from matplotlib->flyvis==1.2.0)
  Downloading kiwisolver-1.5.1-cp312-cp312-win_amd64.whl.metadata (5.2 kB)
Requirement already satisfied: pillow>=9 in c:\users\nikak\source\repos\flyemulationexperiments\.venv-vision\lib\site-packages (from matplotlib->flyvis==1.2.0) (12.3.0)
Collecting pyparsing>=3 (from matplotlib->flyvis==1.2.0)
  Using cached pyparsing-3.3.2-py3-none-any.whl.metadata (5.8 kB)
Collecting python-dateutil>=2.7 (from matplotlib->flyvis==1.2.0)
  Using cached python_dateutil-2.9.0.post0-py2.py3-none-any.whl.metadata (8.4 kB)
Collecting llvmlite<0.50,>=0.49.0dev0 (from numba->flyvis==1.2.0)
  Downloading llvmlite-0.49.0-cp312-cp312-win_amd64.whl.metadata (5.2 kB)
Collecting tzdata (from pandas->flyvis==1.2.0)
  Downloading tzdata-2026.3-py2.py3-none-any.whl.metadata (1.4 kB)
Collecting iniconfig>=1.0.1 (from pytest->flyvis==1.2.0)
  Downloading iniconfig-2.3.0-py3-none-any.whl.metadata (2.5 kB)
Collecting pluggy<2,>=1.5 (from pytest->flyvis==1.2.0)
  Downloading pluggy-1.6.0-py3-none-any.whl.metadata (4.8 kB)
Collecting charset_normalizer<4,>=2 (from requests->flyvis==1.2.0)
  Downloading charset_normalizer-3.5.1-cp312-cp312-win_amd64.whl.metadata (46 kB)
Collecting idna<4,>=2.5 (from requests->flyvis==1.2.0)
  Downloading idna-3.19-py3-none-any.whl.metadata (9.2 kB)
Collecting urllib3<3,>=1.26 (from requests->flyvis==1.2.0)
  Using cached urllib3-2.7.0-py3-none-any.whl.metadata (6.9 kB)
Collecting certifi>=2023.5.7 (from requests->flyvis==1.2.0)
  Using cached certifi-2026.7.22-py3-none-any.whl.metadata (2.5 kB)
Collecting narwhals>=2.0.1 (from scikit-learn->flyvis==1.2.0)
  Downloading narwhals-2.26.0-py3-none-any.whl.metadata (15 kB)
Collecting threadpoolctl>=3.5.0 (from scikit-learn->flyvis==1.2.0)
  Downloading threadpoolctl-3.6.0-py3-none-any.whl.metadata (13 kB)
Requirement already satisfied: filelock in c:\users\nikak\source\repos\flyemulationexperiments\.venv-vision\lib\site-packages (from torch->flyvis==1.2.0) (3.32.3)
Requirement already satisfied: setuptools>=77.0.3 in c:\users\nikak\source\repos\flyemulationexperiments\.venv-vision\lib\site-packages (from torch->flyvis==1.2.0) (78.1.0)
Requirement already satisfied: sympy>=1.13.3 in c:\users\nikak\source\repos\flyemulationexperiments\.venv-vision\lib\site-packages (from torch->flyvis==1.2.0) (1.14.0)
Requirement already satisfied: jinja2 in c:\users\nikak\source\repos\flyemulationexperiments\.venv-vision\lib\site-packages (from torch->flyvis==1.2.0) (3.1.6)
Requirement already satisfied: fsspec>=0.8.5 in c:\users\nikak\source\repos\flyemulationexperiments\.venv-vision\lib\site-packages (from torch->flyvis==1.2.0) (2026.7.0)
Collecting pynndescent>=0.5 (from umap-learn->flyvis==1.2.0)
  Downloading pynndescent-0.6.0-py3-none-any.whl.metadata (6.9 kB)
Collecting googleapis-common-protos<2.0.0,>=1.69.2 (from google-api-core!=2.0.*,!=2.1.*,!=2.2.*,!=2.3.0,<3.0.0,>=1.31.5->google-api-python-client->flyvis==1.2.0)
  Downloading googleapis_common_protos-1.75.3-py3-none-any.whl.metadata (8.5 kB)
Collecting protobuf<8.0.0,>=6.33.5 (from google-api-core!=2.0.*,!=2.1.*,!=2.2.*,!=2.3.0,<3.0.0,>=1.31.5->google-api-python-client->flyvis==1.2.0)
  Downloading protobuf-7.36.1-cp310-abi3-win_amd64.whl.metadata (595 bytes)
Collecting proto-plus<2.0.0,>=1.26.1 (from google-api-core!=2.0.*,!=2.1.*,!=2.2.*,!=2.3.0,<3.0.0,>=1.31.5->google-api-python-client->flyvis==1.2.0)
  Downloading proto_plus-1.28.4-py3-none-any.whl.metadata (2.2 kB)
Collecting opentelemetry-api<2.0.0,>=1.44.0 (from google-api-core!=2.0.*,!=2.1.*,!=2.2.*,!=2.3.0,<3.0.0,>=1.31.5->google-api-python-client->flyvis==1.2.0)
  Downloading opentelemetry_api-1.44.0-py3-none-any.whl.metadata (1.4 kB)
Collecting pyasn1-modules>=0.2.1 (from google-auth!=2.24.0,!=2.25.0,<3.0.0,>=1.32.0->google-api-python-client->flyvis==1.2.0)
  Downloading pyasn1_modules-0.4.2-py3-none-any.whl.metadata (3.5 kB)
Collecting cryptography>=38.0.3 (from google-auth!=2.24.0,!=2.25.0,<3.0.0,>=1.32.0->google-api-python-client->flyvis==1.2.0)
  Downloading cryptography-50.0.1-cp311-abi3-win_amd64.whl.metadata (4.3 kB)
Collecting parso<0.9.0,>=0.8.6 (from jedi>=0.18.2->ipython->flyvis==1.2.0)
  Downloading parso-0.8.7-py2.py3-none-any.whl.metadata (8.2 kB)
Collecting wcwidth>=0.1.4 (from prompt_toolkit<3.1.0,>=3.0.41->ipython->flyvis==1.2.0)
  Downloading wcwidth-0.8.3-py3-none-any.whl.metadata (43 kB)
Collecting six>=1.5 (from python-dateutil>=2.7->matplotlib->flyvis==1.2.0)
  Using cached six-1.17.0-py2.py3-none-any.whl.metadata (1.7 kB)
Collecting executing>=1.2.0 (from stack_data>=0.6.0->ipython->flyvis==1.2.0)
  Downloading executing-2.2.1-py2.py3-none-any.whl.metadata (8.9 kB)
Collecting asttokens>=2.1.0 (from stack_data>=0.6.0->ipython->flyvis==1.2.0)
  Downloading asttokens-3.0.2-py3-none-any.whl.metadata (5.7 kB)
Collecting pure-eval (from stack_data>=0.6.0->ipython->flyvis==1.2.0)
  Downloading pure_eval-0.2.3-py3-none-any.whl.metadata (6.3 kB)
Requirement already satisfied: mpmath<1.4,>=1.1.0 in c:\users\nikak\source\repos\flyemulationexperiments\.venv-vision\lib\site-packages (from sympy>=1.13.3->torch->flyvis==1.2.0) (1.3.0)
Requirement already satisfied: MarkupSafe>=2.0 in c:\users\nikak\source\repos\flyemulationexperiments\.venv-vision\lib\site-packages (from jinja2->torch->flyvis==1.2.0) (3.0.3)
Collecting cffi>=2.0.0 (from cryptography>=38.0.3->google-auth!=2.24.0,!=2.25.0,<3.0.0,>=1.32.0->google-api-python-client->flyvis==1.2.0)
  Downloading cffi-2.1.1-cp312-cp312-win_amd64.whl.metadata (2.6 kB)
Collecting pyasn1<0.7.0,>=0.6.1 (from pyasn1-modules>=0.2.1->google-auth!=2.24.0,!=2.25.0,<3.0.0,>=1.32.0->google-api-python-client->flyvis==1.2.0)
  Downloading pyasn1-0.6.4-py3-none-any.whl.metadata (8.4 kB)
Collecting pycparser (from cffi>=2.0.0->cryptography>=38.0.3->google-auth!=2.24.0,!=2.25.0,<3.0.0,>=1.32.0->google-api-python-client->flyvis==1.2.0)
  Downloading pycparser-3.0-py3-none-any.whl.metadata (8.2 kB)
Downloading cachetools-7.1.8-py3-none-any.whl (16 kB)
Using cached colorama-0.4.6-py2.py3-none-any.whl (25 kB)
Downloading datamate-1.0.0-py3-none-any.whl (33 kB)
Downloading ffmpeg_python-0.2.0-py3-none-any.whl (25 kB)
Downloading google_api_python_client-2.200.0-py3-none-any.whl (16.1 MB)
   ---------------------------------------- 16.1/16.1 MB 7.1 MB/s eta 0:00:00
Downloading hydra_core-1.3.6-py3-none-any.whl (163 kB)
Downloading ipython-9.17.1-py3-none-any.whl (639 kB)
   ---------------------------------------- 639.0/639.0 kB 6.0 MB/s eta 0:00:00
Downloading joblib-1.6.0-py3-none-any.whl (306 kB)
Downloading matplotlib-3.11.1-cp312-cp312-win_amd64.whl (9.3 MB)
   ---------------------------------------- 9.3/9.3 MB 7.2 MB/s eta 0:00:00
Downloading numba-0.67.0-cp312-cp312-win_amd64.whl (2.8 MB)
   ---------------------------------------- 2.8/2.8 MB 6.8 MB/s eta 0:00:00
Downloading pandas-3.0.5-cp312-cp312-win_amd64.whl (9.8 MB)
   ---------------------------------------- 9.8/9.8 MB 7.1 MB/s eta 0:00:00
Downloading pytest-9.1.1-py3-none-any.whl (386 kB)
Downloading python_dotenv-1.2.3-py3-none-any.whl (22 kB)
Downloading pytz-2026.3.post1-py2.py3-none-any.whl (508 kB)
Using cached requests-2.34.2-py3-none-any.whl (73 kB)
Downloading scikit_learn-1.9.0-cp312-cp312-win_amd64.whl (8.2 MB)
   ---------------------------------------- 8.2/8.2 MB 7.2 MB/s eta 0:00:00
Downloading scipy-1.18.1-cp312-cp312-win_amd64.whl (36.7 MB)
   ---------------------------------------- 36.7/36.7 MB 7.2 MB/s eta 0:00:00
Downloading toolz-1.1.0-py3-none-any.whl (58 kB)
Using cached tqdm-4.70.0-py3-none-any.whl (80 kB)
Downloading umap_learn-0.5.12-py3-none-any.whl (91 kB)
Downloading xarray-2026.7.0-py3-none-any.whl (1.4 MB)
   ---------------------------------------- 1.4/1.4 MB 6.8 MB/s eta 0:00:00
Using cached certifi-2026.7.22-py3-none-any.whl (136 kB)
Downloading charset_normalizer-3.5.1-cp312-cp312-win_amd64.whl (200 kB)
Downloading cloudpickle-3.1.2-py3-none-any.whl (22 kB)
Downloading contourpy-1.3.3-cp312-cp312-win_amd64.whl (226 kB)
Using cached cycler-0.12.1-py3-none-any.whl (8.3 kB)
Downloading fonttools-4.64.0-cp312-cp312-win_amd64.whl (2.5 MB)
   ---------------------------------------- 2.5/2.5 MB 7.1 MB/s eta 0:00:00
Downloading google_api_core-2.36.0-py3-none-any.whl (184 kB)
Downloading google_auth-2.57.1-py3-none-any.whl (259 kB)
Downloading google_auth_httplib2-0.4.2-py3-none-any.whl (9.5 kB)
Downloading h5py-3.16.0-cp312-cp312-win_amd64.whl (3.2 MB)
   ---------------------------------------- 3.2/3.2 MB 6.9 MB/s eta 0:00:00
Downloading httplib2-0.32.0-py3-none-any.whl (93 kB)
Downloading idna-3.19-py3-none-any.whl (68 kB)
Downloading iniconfig-2.3.0-py3-none-any.whl (7.5 kB)
Downloading ipython_pygments_lexers-1.1.1-py3-none-any.whl (8.1 kB)
Downloading jedi-0.20.0-py2.py3-none-any.whl (4.9 MB)
   ---------------------------------------- 4.9/4.9 MB 7.0 MB/s eta 0:00:00
Downloading kiwisolver-1.5.1-cp312-cp312-win_amd64.whl (70 kB)
Downloading llvmlite-0.49.0-cp312-cp312-win_amd64.whl (41.9 MB)
   ---------------------------------------- 41.9/41.9 MB 7.2 MB/s eta 0:00:00
Downloading matplotlib_inline-0.2.2-py3-none-any.whl (9.5 kB)
Downloading narwhals-2.26.0-py3-none-any.whl (474 kB)
Downloading omegaconf-2.3.1-py3-none-any.whl (79 kB)
Using cached packaging-26.3-py3-none-any.whl (129 kB)
Downloading pluggy-1.6.0-py3-none-any.whl (20 kB)
Downloading prompt_toolkit-3.0.53-py3-none-any.whl (392 kB)
Downloading psutil-7.2.2-cp37-abi3-win_amd64.whl (137 kB)
Downloading pygments-2.21.0-py3-none-any.whl (1.3 MB)
   ---------------------------------------- 1.3/1.3 MB 7.0 MB/s eta 0:00:00
Downloading pynndescent-0.6.0-py3-none-any.whl (73 kB)
Using cached pyparsing-3.3.2-py3-none-any.whl (122 kB)
Using cached python_dateutil-2.9.0.post0-py2.py3-none-any.whl (229 kB)
Downloading pyyaml-6.0.3-cp312-cp312-win_amd64.whl (154 kB)
Downloading stack_data-0.6.3-py3-none-any.whl (24 kB)
Downloading threadpoolctl-3.6.0-py3-none-any.whl (18 kB)
Downloading traitlets-5.16.1-py3-none-any.whl (86 kB)
Downloading uritemplate-4.2.0-py3-none-any.whl (11 kB)
Using cached urllib3-2.7.0-py3-none-any.whl (131 kB)
Downloading future-1.0.0-py3-none-any.whl (491 kB)
Downloading ruamel_yaml-0.19.1-py3-none-any.whl (118 kB)
Downloading tzdata-2026.3-py2.py3-none-any.whl (348 kB)
Downloading asttokens-3.0.2-py3-none-any.whl (28 kB)
Downloading cryptography-50.0.1-cp311-abi3-win_amd64.whl (3.8 MB)
   ---------------------------------------- 3.8/3.8 MB 7.2 MB/s eta 0:00:00
Downloading executing-2.2.1-py2.py3-none-any.whl (28 kB)
Downloading googleapis_common_protos-1.75.3-py3-none-any.whl (306 kB)
Downloading opentelemetry_api-1.44.0-py3-none-any.whl (60 kB)
Downloading parso-0.8.7-py2.py3-none-any.whl (107 kB)
Downloading proto_plus-1.28.4-py3-none-any.whl (50 kB)
Downloading protobuf-7.36.1-cp310-abi3-win_amd64.whl (456 kB)
Downloading pyasn1_modules-0.4.2-py3-none-any.whl (181 kB)
Using cached six-1.17.0-py2.py3-none-any.whl (11 kB)
Downloading wcwidth-0.8.3-py3-none-any.whl (331 kB)
Downloading pure_eval-0.2.3-py3-none-any.whl (11 kB)
Downloading cffi-2.1.1-cp312-cp312-win_amd64.whl (185 kB)
Downloading pyasn1-0.6.4-py3-none-any.whl (84 kB)
Downloading pycparser-3.0-py3-none-any.whl (48 kB)
Building wheels for collected packages: flyvis, antlr4-python3-runtime
  Building editable for flyvis (pyproject.toml): started
  Building editable for flyvis (pyproject.toml): finished with status 'done'
  Created wheel for flyvis: filename=flyvis-1.2.0-0.editable-py3-none-any.whl size=6246 sha256=91c9993be99ffa4f9b11d0076ced3e723b1b8379d34b5b82a13ea1c6b82e2c59
  Stored in directory: C:\Users\nikak\AppData\Local\Temp\pip-ephem-wheel-cache-c7v5ji_5\wheels\73\6c\db\5cf31c03a46979958846339f9731fdde8f5e08fd38e2b33662
  Building wheel for antlr4-python3-runtime (pyproject.toml): started
  Building wheel for antlr4-python3-runtime (pyproject.toml): finished with status 'done'
  Created wheel for antlr4-python3-runtime: filename=antlr4_python3_runtime-4.9.3-py3-none-any.whl size=144613 sha256=97ad1c09e62c0ae740f9ed013a637ff47426293adbf92179043325a5c2eb0892
  Stored in directory: c:\users\nikak\appdata\local\pip\cache\wheels\1f\be\48\13754633f1d08d1fbfc60d5e80ae1e5d7329500477685286cd
Successfully built flyvis antlr4-python3-runtime
Installing collected packages: pytz, pure-eval, antlr4-python3-runtime, wcwidth, urllib3, uritemplate, tzdata, traitlets, toolz, threadpoolctl, six, scipy, ruamel.yaml, PyYAML, python-dotenv, pyparsing, pygments, pycparser, pyasn1, psutil, protobuf, pluggy, parso, packaging, opentelemetry-api, narwhals, llvmlite, kiwisolver, iniconfig, idna, h5py, future, fonttools, executing, cycler, contourpy, colorama, cloudpickle, charset_normalizer, certifi, cachetools, asttokens, tqdm, stack_data, requests, python-dateutil, pytest, pyasn1-modules, proto-plus, prompt_toolkit, omegaconf, numba, matplotlib-inline, joblib, jedi, ipython-pygments-lexers, httplib2, googleapis-common-protos, ffmpeg-python, cffi, scikit-learn, pandas, matplotlib, ipython, hydra-core, cryptography, xarray, pynndescent, google-auth, datamate, umap-learn, google-auth-httplib2, google-api-core, google-api-python-client, flyvis
Successfully installed PyYAML-6.0.3 antlr4-python3-runtime-4.9.3 asttokens-3.0.2 cachetools-7.1.8 certifi-2026.7.22 cffi-2.1.1 charset_normalizer-3.5.1 cloudpickle-3.1.2 colorama-0.4.6 contourpy-1.3.3 cryptography-50.0.1 cycler-0.12.1 datamate-1.0.0 executing-2.2.1 ffmpeg-python-0.2.0 flyvis-1.2.0 fonttools-4.64.0 future-1.0.0 google-api-core-2.36.0 google-api-python-client-2.200.0 google-auth-2.57.1 google-auth-httplib2-0.4.2 googleapis-common-protos-1.75.3 h5py-3.16.0 httplib2-0.32.0 hydra-core-1.3.6 idna-3.19 iniconfig-2.3.0 ipython-9.17.1 ipython-pygments-lexers-1.1.1 jedi-0.20.0 joblib-1.6.0 kiwisolver-1.5.1 llvmlite-0.49.0 matplotlib-3.11.1 matplotlib-inline-0.2.2 narwhals-2.26.0 numba-0.67.0 omegaconf-2.3.1 opentelemetry-api-1.44.0 packaging-26.3 pandas-3.0.5 parso-0.8.7 pluggy-1.6.0 prompt_toolkit-3.0.53 proto-plus-1.28.4 protobuf-7.36.1 psutil-7.2.2 pure-eval-0.2.3 pyasn1-0.6.4 pyasn1-modules-0.4.2 pycparser-3.0 pygments-2.21.0 pynndescent-0.6.0 pyparsing-3.3.2 pytest-9.1.1 python-dateutil-2.9.0.post0 python-dotenv-1.2.3 pytz-2026.3.post1 requests-2.34.2 ruamel.yaml-0.19.1 scikit-learn-1.9.0 scipy-1.18.1 six-1.17.0 stack_data-0.6.3 threadpoolctl-3.6.0 toolz-1.1.0 tqdm-4.70.0 traitlets-5.16.1 tzdata-2026.3 umap-learn-0.5.12 uritemplate-4.2.0 urllib3-2.7.0 wcwidth-0.8.3 xarray-2026.7.0

[notice] A new release of pip is available: 25.0.1 -> 26.2.1
[notice] To update, run: C:\Users\nikak\source\repos\FlyEmulationExperiments\.venv-vision\Scripts\python.exe -m pip install --upgrade pip
